== mysql


- docker上的MySQL配置主从复制
推荐参考文档：https://github.com/Junnplus/blog/issues/1

mysql镜像为5.7，直接pull的
docker pull registry.cn-hangzhou.aliyuncs.com/marmot/mysql-5.7


[source,bash]
----
#创建master容器
[root@archlinux ~]# docker run -h master -p 0.0.0.0:3336:3306 -d -e MYSQL_ROOT_PASSWORD=123456 --name=master registry.cn-hangzhou.aliyuncs.com/marmot/mysql-5.7
0041c855adbdcfe3d7821812a8e0852fde15f54621ad5854eb83134e61121e11
#写个master mysql的主从配置文件
[root@archlinux ~]# cat master.cnf
[mysqld]
server-id = 1
log-bin=mysql-bin
binlog-ignore-db=mysql
# binlog-do-db
# binlog_format=mixed

#把配置文件复制到镜像中
[root@archlinux ~]# docker cp master.cnf master:/etc/mysql/conf.d

#创建slave容器，注意--link参数
[root@archlinux ~]# docker run -h slave -p 0.0.0.0:3337:3306 -d --link master:master -e MYSQL_ROOT_PASSWORD=123456 --name=slave registry.cn-hangzhou.aliyuncs.com/marmot/mysql-5.7
98cbc2b6c736698baea48184f9878e49337fb51e3b7c9f006dbfc64a5de9afad
#写个slave MySQL的配置文件
[root@archlinux ~]# cat slave.cnf
[mysqld]
server-id = 2
# relay_log = relay_bin
# relay-log-index = relay-bin.index
# read-only=1 # 除非有SUPER權限，否則只讀
# super-read-only=1 # SUPER權限也是只讀

#复制配置文件到从库
[root@archlinux ~]# docker cp slave.cnf  slave:/etc/mysql/conf.d
#启动两个容器
[root@archlinux ~]# docker restart master slave
master
slave

#进入容器master库
[root@archlinux ~]# docker exec -it master mysql -uroot -p123456
mysql: [Warning] Using a password on the command line interface can be insecure.
Welcome to the MySQL monitor.  Commands end with ; or \g.
Your MySQL connection id is 2
Server version: 5.7.21-log MySQL Community Server (GPL)

Copyright (c) 2000, 2018, Oracle and/or its affiliates. All rights reserved.

Oracle is a registered trademark of Oracle Corporation and/or its
affiliates. Other names may be trademarks of their respective
owners.

Type 'help;' or '\h' for help. Type '\c' to clear the current input statement.
#创建账号并授权
mysql> grant replication client,replication slave on *.* to 'test'@'%' identified by '123456';
Query OK, 0 rows affected, 1 warning (0.00 sec)

#进入容器slave库
[root@archlinux ~]# docker exec -it slave mysql -uroot -p123456
mysql: [Warning] Using a password on the command line interface can be insecure.
Welcome to the MySQL monitor.  Commands end with ; or \g.
Your MySQL connection id is 2
Server version: 5.7.21 MySQL Community Server (GPL)

Copyright (c) 2000, 2018, Oracle and/or its affiliates. All rights reserved.

Oracle is a registered trademark of Oracle Corporation and/or its
affiliates. Other names may be trademarks of their respective
owners.

Type 'help;' or '\h' for help. Type '\c' to clear the current input statement.
#根据上面主库创建的账号链接到主库
mysql> change master to master_host='master',master_user='test',master_password='123456';
Query OK, 0 rows affected, 2 warnings (0.08 sec)
#启动从库
mysql> start slave;
Query OK, 0 rows affected (0.00 sec)
#查看从库状态
mysql> show slave status\G
*************************** 1. row ***************************
               Slave_IO_State: Waiting for master to send event
                  Master_Host: master
                  Master_User: test
                  Master_Port: 3306
                Connect_Retry: 60
              Master_Log_File: mysql-bin.000001
          Read_Master_Log_Pos: 457
               Relay_Log_File: slave-relay-bin.000002
                Relay_Log_Pos: 670
        Relay_Master_Log_File: mysql-bin.000001
             Slave_IO_Running: Yes
            Slave_SQL_Running: Yes
              Replicate_Do_DB:
          Replicate_Ignore_DB:
           Replicate_Do_Table:
       Replicate_Ignore_Table:
      Replicate_Wild_Do_Table:
  Replicate_Wild_Ignore_Table:
                   Last_Errno: 0
                   Last_Error:
                 Skip_Counter: 0
          Exec_Master_Log_Pos: 457
              Relay_Log_Space: 877
              Until_Condition: None
               Until_Log_File:
                Until_Log_Pos: 0
           Master_SSL_Allowed: No
           Master_SSL_CA_File:
           Master_SSL_CA_Path:
              Master_SSL_Cert:
            Master_SSL_Cipher:
               Master_SSL_Key:
        Seconds_Behind_Master: 0
Master_SSL_Verify_Server_Cert: No
                Last_IO_Errno: 0
                Last_IO_Error:
               Last_SQL_Errno: 0
               Last_SQL_Error:
  Replicate_Ignore_Server_Ids:
             Master_Server_Id: 1
                  Master_UUID: 17e741c7-4760-11e8-b32b-0242ac110002
             Master_Info_File: /var/lib/mysql/master.info
                    SQL_Delay: 0
          SQL_Remaining_Delay: NULL
      Slave_SQL_Running_State: Slave has read all relay log; waiting for more updates
           Master_Retry_Count: 86400
                  Master_Bind:
      Last_IO_Error_Timestamp:
     Last_SQL_Error_Timestamp:
               Master_SSL_Crl:
           Master_SSL_Crlpath:
           Retrieved_Gtid_Set:
            Executed_Gtid_Set:
                Auto_Position: 0
         Replicate_Rewrite_DB:
                 Channel_Name:
           Master_TLS_Version:
1 row in set (0.00 sec)

验证：
#docker exec master mysql -uroot -p123456 -e "CREATE DATABASE test"
#docker exec slave mysql -uroot -p123456 -e "SHOW DATABASES"
#主库创建一个库
mysql> create database testdb;
Query OK, 1 row affected (0.01 sec)

#从库查看所有的库
mysql> show databases;
+--------------------+
| Database           |
+--------------------+
| information_schema |
| mysql              |
| performance_schema |
| sys                |
| testdb             |
+--------------------+
5 rows in set (0.00 sec)



----

.FAQ：
1.执行脚本报错：Index column size too large. The maximum column size is 767 bytes.

解决方法：
[source,bash]
----
set global innodb_file_format = BARRACUDA;
set global innodb_large_prefix = ON;
create table test (........) ENGINE=InnoDB DEFAULT CHARSET=utf8 ROW_FORMAT=DYNAMIC;

或者：
innodb_file_format = Barracuda
innodb_file_per_table = 1
innodb_large_prefix
----

2.执行命令报错：mysql> GRANT REPLICATION SLAVE ON *.* TO test@% IDENTIFIED BY  "123456";
ERROR 1064 (42000): You have an error in your SQL syntax; check the manual that corresponds to your MySQL server version for the right syntax to use near '% IDENTIFIED BY  "123456"' at line 1

解决方法：
[source,bash]
----
[root@archlinux ~]# docker exec -it master mysql -uroot -p123456
mysql: [Warning] Using a password on the command line interface can be insecure.
Welcome to the MySQL monitor.  Commands end with ; or \g.
Your MySQL connection id is 12
Server version: 8.0.11 MySQL Community Server - GPL

MySQL版本过高所致，这是最开始直接拉去的MySQL镜像，版本为8.0，可能语法有改动，建议用稳定版本
----
